<!DOCTYPE html>
<html lang="en-us">
<head>
<meta charset="utf-8">
<meta name="viewport" content="width=device-width, initial-scale=1">
<title>Which studio animated Cowboy Bebop?</title>
<meta name="description" content="Which studio animated Cowboy Bebop? Tap through to reveal the answer.">
<meta property="og:title" content="Which studio animated Cowboy Bebop?">
<meta property="og:description" content="Which studio animated Cowboy Bebop? Tap through to reveal the answer.">
<meta property="og:image" content="https://feeds.example.com/trivia-daily/og.png">
<meta property="og:type" content="article">
<meta property="og:url" content="https://feeds.example.com/trivia-daily/items/trivia">
<meta property="article:published_time" content="2026-08-09T12:01:39Z">
<meta name="twitter:card" content="summary_large_image">
</head>
<body>
<article>
<h1>Which studio animated Cowboy Bebop?</h1>
<time datetime="2026-08-09T12:01:39Z">2026-08-09T12:01:39Z</time>
<p>Which studio animated Cowboy Bebop? Tap through to reveal the answer.</p>
<details>
<summary>Reveal the answer</summary>
<p>ANSWER-COWBOY-BEBOP</p>
</details>
</article>
</body>
</html>
